C51 COMPILER V9.60.0.0   MAIN1                                                             01/13/2022 22:51:21 PAGE 1   


C51 COMPILER V9.60.0.0, COMPILATION OF MODULE MAIN1
OBJECT MODULE PLACED IN .\Objects\main1.obj
COMPILER INVOKED BY: D:\Program files\Keil\C51\BIN\C51.EXE main1.c OPTIMIZE(8,SPEED) BROWSE DEBUG OBJECTEXTEND PRINT(.\L
                    -istings\main1.lst) TABS(2) OBJECT(.\Objects\main1.obj)

line level    source

   1          #include <REGX52.H>
   2          #include <INTRINS.H>
   3          #include "BasicalFunc.h"
   4          
   5          unsigned char KeyNum, LedMode = 0;
   6          
   7          void main()
   8          {
   9   1          P0 = 0xFE;
  10   1          Timer0_Init();
  11   1          while (1)
  12   1          {
  13   2              KeyNum = Key();
  14   2              if(KeyNum == 1)
  15   2              {
  16   3                  LedMode++;
  17   3                  LedMode = LedMode % 2;
  18   3              }
  19   2          }
  20   1      }
  21          
  22          void Timer0_Routine() interrupt 1
  23          {
  24   1          static unsigned int T0_Count;
  25   1          TL0 = 0x18;
  26   1          TH0 = 0xFC;
  27   1          T0_Count++;
  28   1          if (T0_Count >= 500)
  29   1          {
  30   2              T0_Count = 0;
  31   2              if(LedMode == 0)
  32   2              {
  33   3                  P0 = _crol_(P0, 1);
  34   3              }
  35   2              if(LedMode == 1)
  36   2              {
  37   3                  P0 = _cror_(P0, 1);
  38   3              }
  39   2          }
  40   1      }


MODULE INFORMATION:   STATIC OVERLAYABLE
   CODE SIZE        =    119    ----
   CONSTANT SIZE    =   ----    ----
   XDATA SIZE       =   ----    ----
   PDATA SIZE       =   ----    ----
   DATA SIZE        =      4    ----
   IDATA SIZE       =   ----    ----
   BIT SIZE         =   ----    ----
END OF MODULE INFORMATION.


C51 COMPILATION COMPLETE.  0 WARNING(S),  0 ERROR(S)
